26-05-13 07:51:38.306 [Test worker] INFO  c.s.m.d.DiscodeitApplicationTests    - Starting DiscodeitApplicationTests using Java 17.0.18 with PID 6244 (started by Linpield in C:\Users\Linpield\codeit-bootcamp-spring\11-sprint-mission)
26-05-13 07:51:38.314 [Test worker] DEBUG c.s.m.d.DiscodeitApplicationTests    - Running with Spring Boot v3.5.11, Spring v6.2.16
26-05-13 07:51:38.315 [Test worker] INFO  c.s.m.d.DiscodeitApplicationTests    - The following 1 profile is active: "dev"
26-05-13 07:51:41.251 [Test worker] INFO  o.s.d.r.c.RepositoryConfigurationDelegate - Bootstrapping Spring Data JPA repositories in DEFAULT mode.
26-05-13 07:51:41.748 [Test worker] INFO  o.s.d.r.c.RepositoryConfigurationDelegate - Finished Spring Data repository scanning in 449 ms. Found 6 JPA repository interfaces.
26-05-13 07:51:43.331 [Test worker] INFO  com.zaxxer.hikari.HikariDataSource   - HikariPool-1 - Starting...
26-05-13 07:51:43.820 [Test worker] INFO  com.zaxxer.hikari.pool.HikariPool    - HikariPool-1 - Added connection conn0: url=jdbc:h2:mem:testdb user=SA
26-05-13 07:51:43.824 [Test worker] INFO  com.zaxxer.hikari.HikariDataSource   - HikariPool-1 - Start completed.
26-05-13 07:51:45.016 [Test worker] INFO  o.s.o.j.p.SpringPersistenceUnitInfo  - No LoadTimeWeaver setup: ignoring JPA class transformer
26-05-13 07:51:47.470 [Test worker] INFO  o.s.o.j.LocalContainerEntityManagerFactoryBean - Initialized JPA EntityManagerFactory for persistence unit 'default'
26-05-13 07:51:48.001 [Test worker] INFO  o.s.d.j.r.query.QueryEnhancerFactory - Hibernate is in classpath; If applicable, HQL parser will be used.
26-05-13 07:51:49.828 [Test worker] INFO  o.s.b.a.w.s.WelcomePageHandlerMapping - Adding welcome page: class path resource [static/index.html]
26-05-13 07:51:51.176 [Test worker] INFO  o.s.b.a.h.H2ConsoleAutoConfiguration - H2 console available at '/h2-console'. Database available at 'jdbc:h2:mem:testdb'
26-05-13 07:51:51.218 [Test worker] INFO  o.s.b.a.e.web.EndpointLinksResolver  - Exposing 4 endpoints beneath base path '/actuator'
26-05-13 07:51:51.344 [Test worker] INFO  c.s.m.d.DiscodeitApplicationTests    - Started DiscodeitApplicationTests in 13.924 seconds (process running for 16.116)
26-05-13 07:51:52.032 [SpringApplicationShutdownHook] INFO  o.s.o.j.LocalContainerEntityManagerFactoryBean - Closing JPA EntityManagerFactory for persistence unit 'default'
26-05-13 07:51:52.037 [SpringApplicationShutdownHook] INFO  com.zaxxer.hikari.HikariDataSource   - HikariPool-1 - Shutdown initiated...
26-05-13 07:51:52.044 [SpringApplicationShutdownHook] INFO  com.zaxxer.hikari.HikariDataSource   - HikariPool-1 - Shutdown completed.
26-05-13 08:06:47.448 [main] INFO  c.s.m.discodeit.DiscodeitApplication - Starting DiscodeitApplication using Java 17.0.18 with PID 42056 (C:\Users\Linpield\codeit-bootcamp-spring\11-sprint-mission\build\classes\java\main started by Linpield in C:\Users\Linpield\codeit-bootcamp-spring\11-sprint-mission)
26-05-13 08:06:47.449 [main] DEBUG c.s.m.discodeit.DiscodeitApplication - Running with Spring Boot v3.5.11, Spring v6.2.16
26-05-13 08:06:47.450 [main] INFO  c.s.m.discodeit.DiscodeitApplication - The following 1 profile is active: "dev"
26-05-13 08:06:49.062 [main] INFO  o.s.d.r.c.RepositoryConfigurationDelegate - Bootstrapping Spring Data JPA repositories in DEFAULT mode.
26-05-13 08:06:49.196 [main] INFO  o.s.d.r.c.RepositoryConfigurationDelegate - Finished Spring Data repository scanning in 123 ms. Found 6 JPA repository interfaces.
26-05-13 08:06:49.969 [main] INFO  o.s.b.w.e.tomcat.TomcatWebServer     - Tomcat initialized with port 8080 (http)
26-05-13 08:06:49.985 [main] INFO  o.a.coyote.http11.Http11NioProtocol  - Initializing ProtocolHandler ["http-nio-8080"]
26-05-13 08:06:49.986 [main] INFO  o.a.catalina.core.StandardService    - Starting service [Tomcat]
26-05-13 08:06:49.987 [main] INFO  o.a.catalina.core.StandardEngine     - Starting Servlet engine: [Apache Tomcat/10.1.52]
26-05-13 08:06:50.098 [main] INFO  o.a.c.c.C.[Tomcat].[localhost].[/]   - Initializing Spring embedded WebApplicationContext
26-05-13 08:06:50.099 [main] INFO  o.s.b.w.s.c.ServletWebServerApplicationContext - Root WebApplicationContext: initialization completed in 2595 ms
26-05-13 08:06:50.324 [main] INFO  com.zaxxer.hikari.HikariDataSource   - HikariPool-1 - Starting...
26-05-13 08:06:50.612 [main] INFO  com.zaxxer.hikari.pool.HikariPool    - HikariPool-1 - Added connection conn0: url=jdbc:h2:mem:testdb user=SA
26-05-13 08:06:50.615 [main] INFO  com.zaxxer.hikari.HikariDataSource   - HikariPool-1 - Start completed.
26-05-13 08:06:51.424 [main] INFO  o.s.o.j.p.SpringPersistenceUnitInfo  - No LoadTimeWeaver setup: ignoring JPA class transformer
26-05-13 08:06:53.066 [main] INFO  o.s.o.j.LocalContainerEntityManagerFactoryBean - Initialized JPA EntityManagerFactory for persistence unit 'default'
26-05-13 08:06:53.361 [main] INFO  o.s.d.j.r.query.QueryEnhancerFactory - Hibernate is in classpath; If applicable, HQL parser will be used.
26-05-13 08:06:54.352 [main] INFO  o.s.b.a.w.s.WelcomePageHandlerMapping - Adding welcome page: class path resource [static/index.html]
26-05-13 08:06:55.130 [main] INFO  o.s.b.a.h.H2ConsoleAutoConfiguration - H2 console available at '/h2-console'. Database available at 'jdbc:h2:mem:testdb'
26-05-13 08:06:55.155 [main] INFO  o.s.b.a.e.web.EndpointLinksResolver  - Exposing 4 endpoints beneath base path '/actuator'
26-05-13 08:06:55.235 [main] INFO  o.a.coyote.http11.Http11NioProtocol  - Starting ProtocolHandler ["http-nio-8080"]
26-05-13 08:06:55.242 [main] WARN  o.s.b.w.s.c.AnnotationConfigServletWebServerApplicationContext - Exception encountered during context initialization - cancelling refresh attempt: org.springframework.context.ApplicationContextException: Failed to start bean 'webServerStartStop'
26-05-13 08:06:55.245 [main] INFO  o.s.o.j.LocalContainerEntityManagerFactoryBean - Closing JPA EntityManagerFactory for persistence unit 'default'
26-05-13 08:06:55.249 [main] INFO  com.zaxxer.hikari.HikariDataSource   - HikariPool-1 - Shutdown initiated...
26-05-13 08:06:55.251 [main] INFO  com.zaxxer.hikari.HikariDataSource   - HikariPool-1 - Shutdown completed.
26-05-13 08:06:55.273 [main] INFO  o.s.b.a.l.ConditionEvaluationReportLogger - 

Error starting ApplicationContext. To display the condition evaluation report re-run your application with 'debug' enabled.
26-05-13 08:06:55.308 [main] ERROR o.s.b.d.LoggingFailureAnalysisReporter - 

***************************
APPLICATION FAILED TO START
***************************

Description:

Web server failed to start. Port 8080 was already in use.

Action:

Identify and stop the process that's listening on port 8080 or configure this application to listen on another port.

26-05-13 08:07:15.758 [main] INFO  c.s.m.discodeit.DiscodeitApplication - Starting DiscodeitApplication using Java 17.0.18 with PID 23712 (C:\Users\Linpield\codeit-bootcamp-spring\11-sprint-mission\build\classes\java\main started by Linpield in C:\Users\Linpield\codeit-bootcamp-spring\11-sprint-mission)
26-05-13 08:07:15.761 [main] DEBUG c.s.m.discodeit.DiscodeitApplication - Running with Spring Boot v3.5.11, Spring v6.2.16
26-05-13 08:07:15.762 [main] INFO  c.s.m.discodeit.DiscodeitApplication - The following 1 profile is active: "dev"
26-05-13 08:07:17.375 [main] INFO  o.s.d.r.c.RepositoryConfigurationDelegate - Bootstrapping Spring Data JPA repositories in DEFAULT mode.
26-05-13 08:07:17.518 [main] INFO  o.s.d.r.c.RepositoryConfigurationDelegate - Finished Spring Data repository scanning in 130 ms. Found 6 JPA repository interfaces.
26-05-13 08:07:18.320 [main] INFO  o.s.b.w.e.tomcat.TomcatWebServer     - Tomcat initialized with port 8080 (http)
26-05-13 08:07:18.336 [main] INFO  o.a.coyote.http11.Http11NioProtocol  - Initializing ProtocolHandler ["http-nio-8080"]
26-05-13 08:07:18.339 [main] INFO  o.a.catalina.core.StandardService    - Starting service [Tomcat]
26-05-13 08:07:18.339 [main] INFO  o.a.catalina.core.StandardEngine     - Starting Servlet engine: [Apache Tomcat/10.1.52]
26-05-13 08:07:18.444 [main] INFO  o.a.c.c.C.[Tomcat].[localhost].[/]   - Initializing Spring embedded WebApplicationContext
26-05-13 08:07:18.444 [main] INFO  o.s.b.w.s.c.ServletWebServerApplicationContext - Root WebApplicationContext: initialization completed in 2622 ms
26-05-13 08:07:18.680 [main] INFO  com.zaxxer.hikari.HikariDataSource   - HikariPool-1 - Starting...
26-05-13 08:07:18.972 [main] INFO  com.zaxxer.hikari.pool.HikariPool    - HikariPool-1 - Added connection conn0: url=jdbc:h2:mem:testdb user=SA
26-05-13 08:07:18.975 [main] INFO  com.zaxxer.hikari.HikariDataSource   - HikariPool-1 - Start completed.
26-05-13 08:07:19.737 [main] INFO  o.s.o.j.p.SpringPersistenceUnitInfo  - No LoadTimeWeaver setup: ignoring JPA class transformer
26-05-13 08:07:21.372 [main] INFO  o.s.o.j.LocalContainerEntityManagerFactoryBean - Initialized JPA EntityManagerFactory for persistence unit 'default'
26-05-13 08:07:21.676 [main] INFO  o.s.d.j.r.query.QueryEnhancerFactory - Hibernate is in classpath; If applicable, HQL parser will be used.
26-05-13 08:07:22.671 [main] INFO  o.s.b.a.w.s.WelcomePageHandlerMapping - Adding welcome page: class path resource [static/index.html]
26-05-13 08:07:23.421 [main] INFO  o.s.b.a.h.H2ConsoleAutoConfiguration - H2 console available at '/h2-console'. Database available at 'jdbc:h2:mem:testdb'
26-05-13 08:07:23.445 [main] INFO  o.s.b.a.e.web.EndpointLinksResolver  - Exposing 4 endpoints beneath base path '/actuator'
26-05-13 08:07:23.524 [main] INFO  o.a.coyote.http11.Http11NioProtocol  - Starting ProtocolHandler ["http-nio-8080"]
26-05-13 08:07:23.553 [main] INFO  o.s.b.w.e.tomcat.TomcatWebServer     - Tomcat started on port 8080 (http) with context path '/'
26-05-13 08:07:23.570 [main] INFO  c.s.m.discodeit.DiscodeitApplication - Started DiscodeitApplication in 8.606 seconds (process running for 9.432)
26-05-13 08:07:24.283 [RMI TCP Connection(4)-192.168.32.1] INFO  o.a.c.c.C.[Tomcat].[localhost].[/]   - Initializing Spring DispatcherServlet 'dispatcherServlet'
26-05-13 08:07:24.284 [RMI TCP Connection(4)-192.168.32.1] INFO  o.s.web.servlet.DispatcherServlet    - Initializing Servlet 'dispatcherServlet'
26-05-13 08:07:24.285 [RMI TCP Connection(4)-192.168.32.1] INFO  o.s.web.servlet.DispatcherServlet    - Completed initialization in 1 ms
26-05-13 08:08:16.797 [http-nio-8080-exec-4] INFO  c.s.m.d.s.basic.BasicUserService     - 유저 생성 요청 : UserCreateRequest[username=최정윤, email=email@email.com, password=top57790910]
26-05-13 08:08:16.925 [http-nio-8080-exec-4] INFO  c.s.m.d.s.basic.BasicUserService     - 프로필 생성 시작
26-05-13 08:08:16.937 [http-nio-8080-exec-4] INFO  c.s.m.d.s.basic.BasicUserService     - 프로필 생성 완료, content : com.sprint.mission.discodeit.entity.BinaryContent@5ea5db0
26-05-13 08:08:17.062 [http-nio-8080-exec-4] INFO  c.s.m.d.s.basic.BasicUserService     - 유저 생성 완료 - user : com.sprint.mission.discodeit.entity.User@54214972
26-05-13 08:08:23.015 [http-nio-8080-exec-2] INFO  c.s.m.d.s.basic.BasicChannelService  - 공개 채널 생성 요청: PublicChannelCreateRequest[name=최정윤, description=qwer]
26-05-13 08:08:23.046 [http-nio-8080-exec-2] INFO  c.s.m.d.s.basic.BasicChannelService  - 공개 채널 생성 완료! channel : com.sprint.mission.discodeit.entity.Channel@4dff020e
26-05-13 08:08:27.817 [http-nio-8080-exec-5] INFO  c.s.m.d.s.basic.BasicMessageService  - 메시지 생성 요청, messageCreateRequest : MessageCreateRequest[content=하이요!, channelId=11b10853-5e99-4886-811a-a5d1c5fe979e, authorId=8385a3ac-a38b-4919-b34f-60edbca53290]
26-05-13 08:08:27.851 [http-nio-8080-exec-5] INFO  c.s.m.d.s.basic.BasicMessageService  - 메시지 생성 완료 , message : com.sprint.mission.discodeit.entity.Message@4502fcec
26-05-13 08:09:28.952 [http-nio-8080-exec-10] INFO  c.s.m.d.s.basic.BasicUserService     - 유저 생성 요청 : UserCreateRequest[username=test, email=use@user.com, password=test@test!]
26-05-13 08:09:28.959 [http-nio-8080-exec-10] INFO  c.s.m.d.s.basic.BasicUserService     - 유저 생성 완료 - user : com.sprint.mission.discodeit.entity.User@135a96a5
26-05-13 08:09:34.322 [http-nio-8080-exec-7] INFO  c.s.m.d.s.basic.BasicMessageService  - 메시지 생성 요청, messageCreateRequest : MessageCreateRequest[content=하이하이, channelId=11b10853-5e99-4886-811a-a5d1c5fe979e, authorId=80e671dd-9467-4676-b3ba-242cbf3e4191]
26-05-13 08:09:34.327 [http-nio-8080-exec-7] INFO  c.s.m.d.s.basic.BasicMessageService  - 메시지 생성 완료 , message : com.sprint.mission.discodeit.entity.Message@436988a0
26-05-13 08:09:41.813 [http-nio-8080-exec-1] INFO  c.s.m.d.s.basic.BasicMessageService  - 메시지 생성 요청, messageCreateRequest : MessageCreateRequest[content=안녕쓰~, channelId=11b10853-5e99-4886-811a-a5d1c5fe979e, authorId=8385a3ac-a38b-4919-b34f-60edbca53290]
26-05-13 08:09:41.817 [http-nio-8080-exec-1] INFO  c.s.m.d.s.basic.BasicMessageService  - 메시지 생성 완료 , message : com.sprint.mission.discodeit.entity.Message@137cab12
26-05-13 08:11:37.163 [SpringApplicationShutdownHook] INFO  o.s.b.w.e.tomcat.GracefulShutdown    - Commencing graceful shutdown. Waiting for active requests to complete
26-05-13 08:11:38.474 [tomcat-shutdown] INFO  o.s.b.w.e.tomcat.GracefulShutdown    - Graceful shutdown complete
26-05-13 08:11:38.493 [SpringApplicationShutdownHook] INFO  o.s.o.j.LocalContainerEntityManagerFactoryBean - Closing JPA EntityManagerFactory for persistence unit 'default'
26-05-13 08:11:38.496 [SpringApplicationShutdownHook] INFO  com.zaxxer.hikari.HikariDataSource   - HikariPool-1 - Shutdown initiated...
26-05-13 08:11:38.499 [SpringApplicationShutdownHook] INFO  com.zaxxer.hikari.HikariDataSource   - HikariPool-1 - Shutdown completed.
