26-05-08 10:08:43.238 [main] INFO  c.s.m.discodeit.DiscodeitApplication - Starting DiscodeitApplication using Java 17.0.18 with PID 19080 (C:\Users\Linpield\codeit-bootcamp-spring\11-sprint-mission\build\classes\java\main started by Linpield in C:\Users\Linpield\codeit-bootcamp-spring\11-sprint-mission)
26-05-08 10:08:43.246 [main] DEBUG c.s.m.discodeit.DiscodeitApplication - Running with Spring Boot v3.5.11, Spring v6.2.16
26-05-08 10:08:43.246 [main] INFO  c.s.m.discodeit.DiscodeitApplication - The following 1 profile is active: "dev"
26-05-08 10:08:46.818 [main] INFO  o.s.d.r.c.RepositoryConfigurationDelegate - Bootstrapping Spring Data JPA repositories in DEFAULT mode.
26-05-08 10:08:47.073 [main] INFO  o.s.d.r.c.RepositoryConfigurationDelegate - Finished Spring Data repository scanning in 241 ms. Found 6 JPA repository interfaces.
26-05-08 10:08:48.096 [main] INFO  o.s.b.w.e.tomcat.TomcatWebServer     - Tomcat initialized with port 8080 (http)
26-05-08 10:08:48.114 [main] INFO  o.a.coyote.http11.Http11NioProtocol  - Initializing ProtocolHandler ["http-nio-8080"]
26-05-08 10:08:48.117 [main] INFO  o.a.catalina.core.StandardService    - Starting service [Tomcat]
26-05-08 10:08:48.117 [main] INFO  o.a.catalina.core.StandardEngine     - Starting Servlet engine: [Apache Tomcat/10.1.52]
26-05-08 10:08:48.246 [main] INFO  o.a.c.c.C.[Tomcat].[localhost].[/]   - Initializing Spring embedded WebApplicationContext
26-05-08 10:08:48.248 [main] INFO  o.s.b.w.s.c.ServletWebServerApplicationContext - Root WebApplicationContext: initialization completed in 4939 ms
26-05-08 10:08:48.555 [main] INFO  com.zaxxer.hikari.HikariDataSource   - HikariPool-1 - Starting...
26-05-08 10:08:48.939 [main] INFO  com.zaxxer.hikari.pool.HikariPool    - HikariPool-1 - Added connection conn0: url=jdbc:h2:mem:testdb user=SA
26-05-08 10:08:48.942 [main] INFO  com.zaxxer.hikari.HikariDataSource   - HikariPool-1 - Start completed.
26-05-08 10:08:49.989 [main] INFO  o.s.o.j.p.SpringPersistenceUnitInfo  - No LoadTimeWeaver setup: ignoring JPA class transformer
26-05-08 10:08:52.030 [main] INFO  o.s.o.j.LocalContainerEntityManagerFactoryBean - Initialized JPA EntityManagerFactory for persistence unit 'default'
26-05-08 10:08:52.424 [main] INFO  o.s.d.j.r.query.QueryEnhancerFactory - Hibernate is in classpath; If applicable, HQL parser will be used.
26-05-08 10:08:53.776 [main] INFO  o.s.b.a.w.s.WelcomePageHandlerMapping - Adding welcome page: class path resource [static/index.html]
26-05-08 10:08:54.776 [main] INFO  o.s.b.a.h.H2ConsoleAutoConfiguration - H2 console available at '/h2-console'. Database available at 'jdbc:h2:mem:testdb'
26-05-08 10:08:54.803 [main] INFO  o.s.b.a.e.web.EndpointLinksResolver  - Exposing 4 endpoints beneath base path '/actuator'
26-05-08 10:08:54.887 [main] INFO  o.a.coyote.http11.Http11NioProtocol  - Starting ProtocolHandler ["http-nio-8080"]
26-05-08 10:08:54.939 [main] INFO  o.s.b.w.e.tomcat.TomcatWebServer     - Tomcat started on port 8080 (http) with context path '/'
26-05-08 10:08:54.957 [main] INFO  c.s.m.discodeit.DiscodeitApplication - Started DiscodeitApplication in 12.909 seconds (process running for 15.16)
26-05-08 10:09:06.745 [http-nio-8080-exec-1] INFO  o.a.c.c.C.[Tomcat].[localhost].[/]   - Initializing Spring DispatcherServlet 'dispatcherServlet'
26-05-08 10:09:06.745 [http-nio-8080-exec-1] INFO  o.s.web.servlet.DispatcherServlet    - Initializing Servlet 'dispatcherServlet'
26-05-08 10:09:06.747 [http-nio-8080-exec-1] INFO  o.s.web.servlet.DispatcherServlet    - Completed initialization in 2 ms
26-05-08 10:11:31.509 [SpringApplicationShutdownHook] INFO  o.s.b.w.e.tomcat.GracefulShutdown    - Commencing graceful shutdown. Waiting for active requests to complete
26-05-08 10:11:32.866 [tomcat-shutdown] INFO  o.s.b.w.e.tomcat.GracefulShutdown    - Graceful shutdown complete
26-05-08 10:11:32.874 [SpringApplicationShutdownHook] INFO  o.s.o.j.LocalContainerEntityManagerFactoryBean - Closing JPA EntityManagerFactory for persistence unit 'default'
26-05-08 10:11:32.877 [SpringApplicationShutdownHook] INFO  com.zaxxer.hikari.HikariDataSource   - HikariPool-1 - Shutdown initiated...
26-05-08 10:11:32.880 [SpringApplicationShutdownHook] INFO  com.zaxxer.hikari.HikariDataSource   - HikariPool-1 - Shutdown completed.
